// Jest Snapshot v1, https://goo.gl/fbAQLP

exports[`draw should draw a player token on the board context 1`] = `
Array [
  Object {
    "props": Object {
      "value": "#fe7e6d",
    },
    "transform": Array [
      1,
      0,
      0,
      1,
      0,
      0,
    ],
    "type": "fillStyle",
  },
  Object {
    "props": Object {},
    "transform": Array [
      1,
      0,
      0,
      1,
      0,
      0,
    ],
    "type": "beginPath",
  },
  Object {
    "props": Object {
      "fillRule": "nonzero",
      "path": Array [
        Object {
          "props": Object {
            "anticlockwise": false,
            "endAngle": 6.283185307179586,
            "radius": 15,
            "startAngle": 0,
            "x": 15,
            "y": 15,
          },
          "transform": Array [
            1,
            0,
            0,
            1,
            0,
            0,
          ],
          "type": "arc",
        },
      ],
    },
    "transform": Array [
      1,
      0,
      0,
      1,
      0,
      0,
    ],
    "type": "fill",
  },
  Object {
    "props": Object {
      "value": "#fe7e6d",
    },
    "transform": Array [
      1,
      0,
      0,
      1,
      0,
      0,
    ],
    "type": "fillStyle",
  },
  Object {
    "props": Object {},
    "transform": Array [
      1,
      0,
      0,
      1,
      0,
      0,
    ],
    "type": "beginPath",
  },
  Object {
    "props": Object {
      "fillRule": "nonzero",
      "path": Array [
        Object {
          "props": Object {
            "anticlockwise": false,
            "endAngle": 6.283185307179586,
            "radius": 15,
            "startAngle": 0,
            "x": 15,
            "y": 10,
          },
          "transform": Array [
            1,
            0,
            0,
            1,
            0,
            0,
          ],
          "type": "arc",
        },
      ],
    },
    "transform": Array [
      1,
      0,
      0,
      1,
      0,
      0,
    ],
    "type": "fill",
  },
]
`;
